{
  "inventoryCount": 4102,
  "traceEntries": 34376,
  "hits": [
    {
      "file": ".next/server/chunks/[root-of-the-server]__0a9x2w_._.js",
      "names": [
        "eslint-config-next"
      ],
      "implementation": []
    },
    {
      "file": ".next/server/chunks/[root-of-the-server]__0a9x2w_._.js.map",
      "names": [
        "eslint-config-next"
      ],
      "implementation": []
    },
    {
      "file": ".next/server/chunks/ssr/_0u1mjtk._.js.map",
      "names": [
        "micromatch"
      ],
      "implementation": []
    },
    {
      "file": ".next/server/chunks/ssr/_0ufwmeq._.js.map",
      "names": [
        "micromatch"
      ],
      "implementation": []
    },
    {
      "file": ".next/server/chunks/ssr/_1pr7ff9._.js.map",
      "names": [
        "micromatch"
      ],
      "implementation": []
    },
    {
      "file": ".next/server/chunks/ssr/node_modules_next_dist_1knwlsz._.js.map",
      "names": [
        "micromatch"
      ],
      "implementation": []
    },
    {
      "file": ".next/server/chunks/ssr/node_modules_next_dist_1ymd6cg._.js.map",
      "names": [
        "micromatch"
      ],
      "implementation": []
    },
    {
      "file": ".next/standalone/.next/server/chunks/[root-of-the-server]__0a9x2w_._.js",
      "names": [
        "eslint-config-next"
      ],
      "implementation": []
    },
    {
      "file": ".next/standalone/node_modules/@prisma/client/runtime/binary.js",
      "names": [
        "fast-glob"
      ],
      "implementation": []
    },
    {
      "file": ".next/standalone/node_modules/@prisma/client/runtime/binary.mjs",
      "names": [
        "fast-glob"
      ],
      "implementation": []
    },
    {
      "file": ".next/standalone/node_modules/@prisma/client/runtime/client.js",
      "names": [
        "fast-glob"
      ],
      "implementation": []
    },
    {
      "file": ".next/standalone/node_modules/@prisma/client/runtime/client.mjs",
      "names": [
        "fast-glob"
      ],
      "implementation": []
    },
    {
      "file": ".next/standalone/node_modules/@prisma/client/runtime/edge-esm.js",
      "names": [
        "fast-glob"
      ],
      "implementation": []
    },
    {
      "file": ".next/standalone/node_modules/@prisma/client/runtime/edge.js",
      "names": [
        "fast-glob"
      ],
      "implementation": []
    },
    {
      "file": ".next/standalone/node_modules/@prisma/client/runtime/library.js",
      "names": [
        "fast-glob"
      ],
      "implementation": []
    },
    {
      "file": ".next/standalone/node_modules/@prisma/client/runtime/library.mjs",
      "names": [
        "fast-glob"
      ],
      "implementation": []
    },
    {
      "file": ".next/standalone/node_modules/@prisma/client/runtime/react-native.js",
      "names": [
        "fast-glob"
      ],
      "implementation": []
    },
    {
      "file": ".next/standalone/node_modules/@prisma/client/runtime/wasm-compiler-edge.js",
      "names": [
        "fast-glob"
      ],
      "implementation": []
    },
    {
      "file": ".next/standalone/node_modules/@prisma/client/runtime/wasm-compiler-edge.mjs",
      "names": [
        "fast-glob"
      ],
      "implementation": []
    },
    {
      "file": ".next/standalone/node_modules/@prisma/client/runtime/wasm-engine-edge.js",
      "names": [
        "fast-glob"
      ],
      "implementation": []
    }
  ],
  "affectedPackages": [],
  "affectedTraceEntries": 0,
  "missingTraceEntries": 0,
  "computedImportCount": 70,
  "unresolvedExternalCount": 70,
  "links": 2
}
